====================================================================
  A/B VALIDATION
====================================================================
  baseline    : bare
  arm B       : defaults + [ensemble.dynamic_blend.enabled=true, phase2_ks_flags.ks08_dynamic_blend_simulator_floor.enabled=true, phase2_ks_flags.ks08_dynamic_blend_simulator_floor.floor=0.40]
  sims        : 200
  seasons     : [2022, 2023, 2024]
  scoring     : ppr
  comparison  : total_lift
  seed mode   : deterministic_game_id_crc32_shared_between_arms
  coverage   : availability=disabled | availability.depth_charts=disabled | availability.injuries=disabled | availability.usage_fallback=disabled | ensemble.ff_opportunity=disabled | goal_line_concentration=disabled | market_history=disabled | market_history.anytime_td=disabled | market_history.crosswalk=disabled | market_history.dispersion=disabled | market_history.pass_tds=disabled | market_history.pass_yards=disabled | market_history.receiving_yards=disabled | market_history.receptions=disabled | market_history.rush_yards=disabled | pff=disabled | pff.depth_role=disabled | pff.depth_role.efficiency=disabled | pff.depth_role.te=disabled | pff.depth_role.wr=disabled | pff.qb_split=disabled | pff.rb_scheme_fit=disabled | pff.team_context=disabled | play_call_model=disabled | props=disabled | qb_rushing.designed_runs=disabled | qb_rushing.scramble=disabled | role_trend=disabled | target_selection=disabled | td_tendency=disabled | td_tendency.i5=disabled | tracking=disabled | tracking.qb_context=disabled | tracking.rb_efficiency=disabled | tracking.receiver_participation=disabled | usage=disabled | usage.ngs=disabled | usage.route_rate=disabled | weather=disabled
  bare cache  : HIT (2022, 2023, 2024)
====================================================================
  workers     : 4 per season

Running 3 seasons in parallel...
  [2023] Arm A loaded from cache
  [2023] Building 272 Arm B game contexts...
  [2022] Arm A loaded from cache
  [2022] Building 271 Arm B game contexts...
  [2024] Arm A loaded from cache
  [2024] Building 272 Arm B game contexts...
  [2023] Simulating 272 Arm B games...
  [2022] Simulating 271 Arm B games...
  [2024] Simulating 272 Arm B games...
  Season 2022 complete.
  Season 2024 complete.
  Season 2023 complete.

Total time: 335.3s

====================================================================
  SEASON-LEVEL RESULTS
====================================================================

  Season 2022:
    rank_corr:  QB 0.727->0.721 (-0.005)  RB 0.801->0.801 (+0.000)
                WR 0.768->0.770 (+0.002)  TE 0.711->0.707 (-0.004)
    weekly_mae: 5.18 -> 5.22 (+0.05)
    season_mae: 40.00 -> 40.68 (+0.69)

  Season 2023:
    rank_corr:  QB 0.566->0.579 (+0.013)  RB 0.673->0.676 (+0.003)
                WR 0.706->0.709 (+0.003)  TE 0.739->0.734 (-0.005)
    weekly_mae: 5.44 -> 5.52 (+0.08)
    season_mae: 48.65 -> 49.34 (+0.69)

  Season 2024:
    rank_corr:  QB 0.704->0.711 (+0.007)  RB 0.786->0.786 (+0.000)
                WR 0.716->0.714 (-0.002)  TE 0.680->0.682 (+0.002)
    weekly_mae: 5.36 -> 5.42 (+0.07)
    season_mae: 45.21 -> 45.86 (+0.65)

  AVERAGES:
    rank_corr delta:  +0.0012
    weekly_mae delta: +0.064
    season_mae delta: +0.675

====================================================================
  DISTRIBUTION KS
====================================================================

  Season 2022:
    fpts KS 0.16 -> 0.16 (+0.00), n=5680
    QB pass_yards KS 0.34 -> 0.43 (+0.09), mean proj B 174.9 vs actual 215.5 (-40.6), n=496
    QB rush_yards KS 0.21 -> 0.21 (-0.00), mean proj B 12.8 vs actual 17.9 (-5.1), n=496
    RB rush_yards KS 0.22 -> 0.22 (+0.00), mean proj B 32.9 vs actual 32.8 (+0.1), n=1587
    RB receiving_yards KS 0.41 -> 0.41 (-0.00), mean proj B 10.4 vs actual 11.5 (-1.1), n=1587
    WR receptions KS 0.22 -> 0.22 (-0.00), mean proj B 2.3 vs actual 2.7 (-0.4), n=2376
    WR receiving_yards KS 0.22 -> 0.22 (+0.00), mean proj B 25.0 vs actual 34.4 (-9.4), n=2376
    TE receptions KS 0.24 -> 0.24 (-0.00), mean proj B 1.8 vs actual 2.1 (-0.3), n=1221
    TE receiving_yards KS 0.20 -> 0.20 (+0.00), mean proj B 16.2 vs actual 21.7 (-5.6), n=1221

  Season 2023:
    fpts KS 0.15 -> 0.15 (+0.00), n=5567
    QB pass_yards KS 0.35 -> 0.42 (+0.07), mean proj B 181.0 vs actual 209.5 (-28.5), n=425
    QB rush_yards KS 0.25 -> 0.25 (+0.00), mean proj B 15.9 vs actual 16.1 (-0.2), n=425
    RB rush_yards KS 0.15 -> 0.15 (-0.00), mean proj B 35.2 vs actual 32.8 (+2.4), n=1482
    RB receiving_yards KS 0.32 -> 0.32 (+0.00), mean proj B 8.9 vs actual 12.0 (-3.1), n=1482
    WR receptions KS 0.19 -> 0.19 (-0.00), mean proj B 2.3 vs actual 2.7 (-0.3), n=2458
    WR receiving_yards KS 0.22 -> 0.22 (-0.00), mean proj B 24.7 vs actual 33.7 (-9.0), n=2458
    TE receptions KS 0.24 -> 0.24 (-0.00), mean proj B 1.8 vs actual 2.2 (-0.4), n=1202
    TE receiving_yards KS 0.21 -> 0.21 (+0.00), mean proj B 16.4 vs actual 22.8 (-6.4), n=1202

  Season 2024:
    fpts KS 0.17 -> 0.17 (-0.00), n=5643
    QB pass_yards KS 0.38 -> 0.47 (+0.09), mean proj B 176.9 vs actual 217.1 (-40.2), n=463
    QB rush_yards KS 0.26 -> 0.27 (+0.00), mean proj B 15.1 vs actual 15.9 (-0.8), n=463
    RB rush_yards KS 0.17 -> 0.17 (+0.00), mean proj B 34.5 vs actual 33.9 (+0.6), n=1521
    RB receiving_yards KS 0.41 -> 0.41 (+0.00), mean proj B 8.6 vs actual 11.4 (-2.8), n=1521
    WR receptions KS 0.21 -> 0.21 (+0.00), mean proj B 2.3 vs actual 2.7 (-0.4), n=2424
    WR receiving_yards KS 0.22 -> 0.22 (+0.00), mean proj B 24.1 vs actual 33.5 (-9.4), n=2424
    TE receptions KS 0.22 -> 0.22 (-0.00), mean proj B 1.8 vs actual 2.2 (-0.4), n=1235
    TE receiving_yards KS 0.22 -> 0.22 (+0.00), mean proj B 16.2 vs actual 22.5 (-6.3), n=1235

====================================================================
  WEEKLY RESULTS
====================================================================

  QB  (1384 player-weeks, 54 weeks)
    rank_corr: 0.3651 -> 0.3737 (+0.0086)
    weekly_mae: 6.607 -> 6.654 (+0.047)
    mae_by_difficulty: strong=6.861  neutral=6.467  weak=6.680

  RB  (4590 player-weeks, 54 weeks)
    rank_corr: 0.4659 -> 0.4685 (+0.0026)
    weekly_mae: 5.872 -> 6.106 (+0.234)
    mae_by_difficulty: strong=5.663  neutral=6.156  weak=6.461

  WR  (7258 player-weeks, 54 weeks)
    rank_corr: 0.4291 -> 0.4292 (+0.0002)
    weekly_mae: 5.528 -> 5.525 (-0.003)
    mae_by_difficulty: strong=5.409  neutral=5.658  weak=5.498

  TE  (3658 player-weeks, 54 weeks)
    rank_corr: 0.4346 -> 0.4302 (-0.0043)
    weekly_mae: 4.017 -> 4.010 (-0.007)
    mae_by_difficulty: strong=3.923  neutral=4.064  weak=4.053

  WR Directional Accuracy: 0/0 = 0.0%

====================================================================

  Appended to ledger as #108: p2.ks08.s040.bare
=========================================================================================================================
  #  Label                   baseline   mode         overrides                       rank_corr   wk_mae  szn_mae  fpts_ks
-------------------------------------------------------------------------------------------------------------------------
  1  baseline-new            bare       legacy       (none)                          +0.1502    -0.606  -10.525      n/a
  2  snap-clamp-loose        bare       legacy       usage.snap.factor_clamp=[0....  +0.1493    -0.609  -10.386      n/a
  3  td-tendency             bare       legacy       td_tendency.enabled=true        +0.1517    -0.612  -10.777      n/a
  4  td-tendency             bare       legacy       td_tendency.prior_strength=10   +0.1517    -0.601  -10.753      n/a
  5  td-tendency-strength-increase  bare       legacy       td_tendency.prior_strength=20   +0.1527    -0.602  -10.769      n/a
  6  td-tendency-min-opp-inc  bare       legacy       td_tendency.min_opportuniti...  +0.1512    -0.604  -10.717      n/a
  7  td-tendency-min-opp-dec  bare       legacy       td_tendency.min_opportuniti...  +0.1513    -0.613  -10.730      n/a
  8  td-tendency-clamp-tighten  bare       legacy       td_tendency.factor_clamp=[0...  +0.1505    -0.590  -10.517      n/a
  9  td-tendency-clamp-loosen  bare       legacy       td_tendency.factor_clamp=[0...  +0.1522    -0.600  -10.806      n/a
 10  td-tendency-final       bare       legacy       (none)                          +0.1519    -0.588  -10.862      n/a
 11  route-rate              bare       legacy       usage.route_rate.enabled=true   +0.1519    -0.607  -10.691      n/a
 12  i5-subfactor            bare       legacy       td_tendency.i5_enabled=true     +0.1520    -0.606  -10.655      n/a
 13  thread-pool             bare       legacy       (none)                          +0.1233    -0.415  -7.506      n/a
 14  thread-pool-v2          bare       legacy       (none)                          +0.1533    -0.615  -11.090      n/a
 15  thread-pool-v2          bare       legacy       (none)                          +0.1535    -0.619  -11.191      n/a
 16  i5-ps15                 bare       legacy       td_tendency.i5_prior_streng...  +0.1538    -0.613  -10.981      n/a
 17  i5-ps35                 bare       legacy       td_tendency.i5_prior_streng...  +0.1523    -0.601  -11.005      n/a
 18  game-script-trailing    bare       legacy       game_script.enabled=true, g...  +0.1522    -0.588  -11.243      n/a
 19  game-script-rb          bare       legacy       game_script.enabled=true, g...  +0.1531    -0.586  -11.140      n/a
 20  game-script-off         bare       legacy       game_script.enabled=false       +0.1532    -0.617  -11.120      n/a
 21  game-script-rb-only     bare       legacy       game_script.enabled=true, g...  +0.1533    -0.609  -11.056      n/a
 22  game-script-rb-baseline  bare       legacy       game_script.enabled=true, g...  +0.1535    -0.587  -11.214      n/a
 23  game-script-rb-clamp-tight  bare       legacy       game_script.enabled=true, g...  +0.1537    -0.606  -11.309      n/a
 24  game-script-rb-clamp-loose  bare       legacy       game_script.enabled=true, g...  +0.1534    -0.593  -11.288      n/a
 25  game-script-trailing-control  bare       legacy       game_script.enabled=true, g...  +0.1532    -0.602  -11.264      n/a
 26  game-script-trailing-control-200  bare       legacy       game_script.enabled=true, g...  +0.1542    -0.595  -11.072      n/a
 27  game-script-rb-clamp-tight-200  bare       legacy       game_script.enabled=true, g...  +0.1552    -0.597  -11.430      n/a
 28  game-script-trailing-control-400  bare       legacy       game_script.enabled=true, g...  +0.1534    -0.591  -10.997      n/a
 29  game-script-rb-clamp-tight-400  bare       legacy       game_script.enabled=true, g...  +0.1537    -0.593  -11.379      n/a
 30  goal-line-concentration-400  bare       legacy       goal_line_concentration.ena...  +0.1512    -0.598  -11.416      n/a
 31  phase-1-ff-opportunity-v1  defaults   marginal_lift  ensemble.enabled=true, ense...  +0.0172    -0.365  -2.520      n/a
 32  phase-1-ff-opportunity-v1-broadened  defaults   marginal_lift  ensemble.enabled=true, ense...  +0.0271    -0.548  -3.737      n/a
 33  phase0-total-lift-smoke  bare       total_lift   (none)                          +0.1854    -1.149  -15.221      n/a
 34  phase-2-availability-only  defaults   marginal_lift  availability.enabled=true       -0.0037    +0.027  +0.932      n/a
 35  phase-2-role-trend-only  defaults   marginal_lift  role_trend.enabled=true         -0.0009    +0.014  +0.140      n/a
 36  phase-2-combined        defaults   marginal_lift  availability.enabled=true, ...  -0.0035    +0.032  +0.885      n/a
 37  phase-2-availability-only-rerun  defaults   marginal_lift  availability.enabled=true       -0.0015    -0.017  -0.103      n/a
 38  phase-2-combined-rerun  defaults   marginal_lift  availability.enabled=true, ...  +0.0018    +0.001  -0.260      n/a
 39  phase-2-availability-explicit-only  defaults   marginal_lift  availability.enabled=true, ...  -0.0013    +0.009  +0.117      n/a
 40  phase-2-availability-no-injuries  defaults   marginal_lift  availability.enabled=true, ...  +0.0020    -0.022  -0.288      n/a
 41  phase-2-availability-no-depth  defaults   marginal_lift  availability.enabled=true, ...  +0.0008    -0.006  -0.156      n/a
 42  phase-2-availability-wr  defaults   marginal_lift  availability.enabled=true, ...  +0.0023    -0.001  -0.055      n/a
 43  phase-2-availability-te  defaults   marginal_lift  availability.enabled=true, ...  +0.0011    -0.007  -0.065      n/a
 44  phase-2-availability-qb  defaults   marginal_lift  availability.enabled=true, ...  +0.0009    +0.005  -0.093      n/a
 45  phase-2-availability-rb  defaults   marginal_lift  availability.enabled=true, ...  +0.0001    -0.007  -0.095      n/a
 46  phase-2-availability-usage-only  defaults   marginal_lift  availability.enabled=true, ...  +0.0015    -0.008  -0.189      n/a
 47  phase-2-availability-no-injuries-wr-te  defaults   marginal_lift  availability.enabled=true, ...  +0.0025    -0.010  -0.258      n/a
 48  phase-2-availability-usage-only-wr-te  defaults   marginal_lift  availability.enabled=true, ...  +0.0005    +0.001  -0.139      n/a
 49  phase-2-availability-no-injuries-wr  defaults   marginal_lift  availability.enabled=true, ...  -0.0004    +0.001  -0.055      n/a
 50  phase-2-availability-no-injuries-te  defaults   marginal_lift  availability.enabled=true, ...  +0.0001    -0.007  -0.032      n/a
 51  phase-2-availability-no-injuries-qb  defaults   marginal_lift  availability.enabled=true, ...  +0.0002    +0.003  +0.156      n/a
 52  phase-2-availability-no-injuries-rb  defaults   marginal_lift  availability.enabled=true, ...  +0.0008    +0.003  -0.107      n/a
 53  phase-2-availability-no-injuries-no-qb  defaults   marginal_lift  availability.enabled=true, ...  +0.0024    -0.014  -0.266      n/a
 54  phase-2-availability-no-injuries-confirm  defaults   marginal_lift  availability.enabled=true, ...  +0.0032    -0.016  -0.269      n/a
 55  phase-3-market-history-v1  defaults   marginal_lift  market_history.enabled=true     +0.0001    -0.008  +0.066      n/a
 56  phase-3-market-history-v2-real-schema  defaults   marginal_lift  market_history.enabled=true...  +0.0048    -0.041  -0.879      n/a
 57  phase-3-market-history-v2-real-schema-qb-wr  defaults   marginal_lift  market_history.enabled=true...  +0.0056    -0.042  -0.822      n/a
 58  phase-3-market-history-v2-total-lift  bare       total_lift   market_history.enabled=true...  +0.1894    -1.209  -16.145      n/a
 59  phase-4-receiver-participation-v1  defaults   marginal_lift  tracking.enabled=true, trac...  -0.0006    +0.007  +0.072      n/a
 60  phase-4-qb-context-v1   defaults   marginal_lift  tracking.enabled=true, trac...  +0.0002    +0.007  +0.047      n/a
 61  phase-4-rb-efficiency-v1  defaults   marginal_lift  tracking.enabled=true, trac...  -0.0003    +0.000  -0.063      n/a
 62  phase-5-depth-role-v1   defaults   marginal_lift  pff.depth_role.enabled=true     -0.0005    +0.002  +0.013      n/a
 63  phase-5-depth-role-efficiency-v2  defaults   marginal_lift  pff.depth_role.efficiency.e...  +0.0002    -0.002  -0.017      n/a
 64  phase-5-depth-role-efficiency-v2-activated  defaults   marginal_lift  pff.depth_role.enabled=true...  +0.0000    -0.002  +0.030      n/a
 65  phase-5-qb-split-v1     defaults   marginal_lift  pff.qb_split.enabled=true       +0.0005    -0.000  -0.028      n/a
 66  phase-5-qb-split-v1-postfix  defaults   marginal_lift  pff.qb_split.enabled=true       +0.0000    +0.006  +0.020      n/a
 67  phase-5-rb-scheme-fit-v1  defaults   marginal_lift  pff.rb_scheme_fit.enabled=true  +0.0018    -0.003  -0.040      n/a
 68  phase-6-pff-team-context-v1  defaults   marginal_lift  pff.team_context.enabled=true   -0.0000    -0.001  -0.082      n/a
 69  phase-6-usage-ngs-v1    defaults   marginal_lift  usage.ngs.enabled=true          -0.0001    -0.006  -0.037      n/a
 70  phase-6-goal-line-concentration-v1  defaults   marginal_lift  goal_line_concentration.ena...  -0.0019    -0.015  -0.041      n/a
 71  phase-6-usage-route-rate-v1  defaults   marginal_lift  usage.route_rate.enabled=true   +0.0000    -0.003  -0.064      n/a
 72  dynamic-blend-s50       defaults   marginal_lift  ensemble.dynamic_blend.enab...  +0.0055    -0.233  -2.349      n/a
 73  dynamic-blend-s200      defaults   marginal_lift  ensemble.dynamic_blend.enab...  +0.0062    -0.221  -2.393      n/a
 74  dynamic-blend-s200-postfix  defaults   marginal_lift  arm_a ensemble.dynamic_blen...  +0.0069    -0.226  -2.505      n/a
 75  residual-calibration-s50  defaults   marginal_lift  ensemble.residual_calibrati...  +0.0023    -0.037  -1.312      n/a
 76  residual-calibration-s200  defaults   marginal_lift  ensemble.residual_calibrati...  +0.0020    -0.043  -1.384      n/a
 77  defaults-smoke          bare       total_lift   (none)                          +0.2031    -1.469  -19.923      n/a
 78  defaults-smoke-200      bare       total_lift   (none)                          +0.2044    -1.472  -20.108      n/a
 79  target-selection-s50-capped  defaults   marginal_lift  target_selection.enabled=tr...  +0.0010    -0.005  -0.058   -0.001
 80  target-selection-s50-iter500  defaults   marginal_lift  target_selection.enabled=tr...  -0.0013    +0.000  +0.048   +0.001
 81  defaults-smoke-200-4-25-26  bare       total_lift   (none)                          +0.2051    -1.470  -20.043   +0.051
 82  phase0.baseline.full    bare       total_lift   (none)                          +0.2048    -1.474  -20.017   +0.052
 83  phase0.baseline.bare    bare       total_lift   (none)                          +0.0006    -0.005  -0.029   +0.001
 84  p1.ks01.bare            bare       total_lift   phase1_ks_flags.ks01_preser...  +0.0011    -0.002  -0.063   +0.000
 85  p1.ks01.full            defaults   marginal_lift  phase1_ks_flags.ks01_preser...  +0.0004    +0.003  +0.046   +0.000
 86  p1.ks04.bare            bare       total_lift   phase1_ks_flags.ks04_condit...  +0.0010    +0.167  +2.065   +0.001
 87  p1.ks04.full            defaults   marginal_lift  phase1_ks_flags.ks04_condit...  -0.0010    +0.001  +0.056   -0.000
 88  p1.ks03.bare            bare       total_lift   phase1_ks_flags.ks03_dynami...  +0.0016    +0.164  +2.041   +0.001
 89  p1.ks03.full            defaults   marginal_lift  phase1_ks_flags.ks03_dynami...  +0.0002    +0.001  +0.035   -0.002
 90  p1.ks05.bare            bare       total_lift   vegas.enabled=true, vegas.p...  +0.0014    +0.154  +1.992   +0.001
 91  p1.ks05.full            defaults   marginal_lift  phase1_ks_flags.ks05_props_...  +0.0001    -0.004  +0.068   +0.001
 92  p1.ks06.bare            bare       total_lift   phase1_ks_flags.ks06_backup...  +0.0017    +0.068  +0.657   +0.000
 93  p1.ks06.full            defaults   marginal_lift  phase1_ks_flags.ks06_backup...  +0.0008    -0.004  -0.046   +0.000
 94  p1.ks07.bare            bare       total_lift   phase1_ks_flags.ks07_positi...  +0.0013    +0.064  +0.662   +0.001
 95  p1.ks07.full            defaults   marginal_lift  phase1_ks_flags.ks07_positi...  -0.0012    +0.003  +0.074   +0.000
 96  p1.ks15.bare            bare       total_lift   phase1_ks_flags.ks15_unclam...  +0.0000    +0.056  +0.649   +0.001
 97  p1.ks15.full            defaults   marginal_lift  phase1_ks_flags.ks15_unclam...  -0.0006    -0.002  -0.029   -0.000
 98  p1.ks29.s003.bare       bare       total_lift   pff.enabled=true, pff.tier_...  +0.0508    -0.259  -3.457   +0.027
 99  p1.ks29.s003.full       defaults   marginal_lift  pff.team_context.enabled=tr...  -0.0007    -0.005  -0.014   -0.000
100  p1.ks29.s005.bare       bare       total_lift   pff.enabled=true, pff.tier_...  +0.0510    -0.266  -3.491   +0.026
101  p1.ks29.s005.full       defaults   marginal_lift  pff.team_context.enabled=tr...  -0.0013    +0.002  +0.044   -0.001
102  p1.ks29.s008.bare       bare       total_lift   pff.enabled=true, pff.tier_...  +0.0513    -0.263  -3.562   +0.026
103  p1.ks29.s008.full       defaults   marginal_lift  pff.team_context.enabled=tr...  -0.0010    -0.006  -0.075   +0.000
104  p1.ks32.measure         bare       total_lift   (none)                          +0.2039    -1.460  -19.837   +0.049
105  p1.aggregate.full       bare       total_lift   (none)                          +0.2044    -1.460  -19.847   +0.050
106  p2.entry.full           bare       total_lift   (none)                          +0.2036    -1.459  -19.778   +0.050
107  p2.ks08.s020.bare       bare       total_lift   ensemble.dynamic_blend.enab...  +0.0004    +0.063  +0.585   +0.000
108  p2.ks08.s040.bare       bare       total_lift   ensemble.dynamic_blend.enab...  +0.0012    +0.064  +0.675   +0.000
=========================================================================================================================
