
Running 50 demo sims...

======================================================================
  Demo Roster — League Average (both teams averaged)
======================================================================
  Metric                                   Sim   NFL Lo   NFL Hi   Result
  ----------------------------------- -------- -------- -------- --------
  plays/team/game                         66.2     63.0     65.0     FAIL
  called pass plays/team (inc scrambles)     38.1     37.0     40.0     PASS
  scrambles/team/game                      2.3      1.5      3.5     PASS
  sacks/team/game                          2.0      1.5      3.0     PASS
  NFL-conv pass attempts (excl sacks)     33.8     32.0     37.0     PASS
  completions/team/game                   20.8     20.0     24.0     PASS
  completion rate (NFL conv)             61.6%      62%      67%     FAIL
  yards/completion                        10.1     10.5     12.5     FAIL
  pass yards/team/game                   209.5    210.0    250.0     FAIL

  5/9 metrics in NFL range

======================================================================
  Demo Roster — Home Team Only
======================================================================
  Metric                                   Sim   NFL Lo   NFL Hi   Result
  ----------------------------------- -------- -------- -------- --------
  plays/team/game                         66.2     63.0     65.0     FAIL
  called pass plays/team (inc scrambles)     38.3     37.0     40.0     PASS
  scrambles/team/game                      2.4      1.5      3.5     PASS
  sacks/team/game                          2.1      1.5      3.0     PASS
  NFL-conv pass attempts (excl sacks)     33.8     32.0     37.0     PASS
  completions/team/game                   20.8     20.0     24.0     PASS
  completion rate (NFL conv)             61.6%      62%      67%     FAIL
  yards/completion                        10.4     10.5     12.5     FAIL
  pass yards/team/game                   216.1    210.0    250.0     PASS

  6/9 metrics in NFL range

======================================================================
  Distribution Shape Analysis — H
======================================================================
  Player         TargetSh  CatchRate   DistMean  DistLen   Fallback
  ------------ ---------- ---------- ---------- -------- ----------
  WR1                0.24       0.63       15.2       10         No
  WR2                0.18       0.60       12.0        7         No
  TE1                0.16       0.67        9.2        6         No
  RB1                0.10       0.72        4.8        4         No
  RB2                0.05       0.65        4.0        2         No

  Weighted avg yards/catch: 10.9  (NFL target: ~11.5)
  Total target share: 0.73  (normalized to 1.0 by selector)

======================================================================
  QB Per-Game Averages (from PlayerBoxScore)
======================================================================
  Home QB: 216 yd/g, 20.8 comp, 33.8 att (NFL), 61.6% comp%, 10.4 yd/comp, 2.4 scrambles, ~3673 season yards
  Away QB: 203 yd/g, 20.8 comp, 33.8 att (NFL), 61.7% comp%, 9.7 yd/comp, 2.3 scrambles, ~3450 season yards


=== PASSING DIAGNOSTIC COMPLETE ===
