=== Phase 1 vs Phase 0 (Arm B differences) ===

Per-position rank_corr (Phase 1 - Phase 0):
  QB: Δ -0.0003  (Phase 0: 0.9503, Phase 1: 0.9500)
  RB: Δ -0.0017  (Phase 0: 0.9211, Phase 1: 0.9194)
  WR: Δ -0.0010  (Phase 0: 0.9294, Phase 1: 0.9284)
  TE: Δ +0.0015  (Phase 0: 0.8765, Phase 1: 0.8781)

Aggregate weekly_mae:
  Δ +0.0142  (Phase 0: 3.8505, Phase 1: 3.8647)
  Hard floor (Δ ≤ +0.05): PASS

Aggregate season_mae:
  Δ +0.1702

Aggregate rank_corr (mean over QB/RB/WR/TE):
  Δ -0.0004  (Phase 0: 0.9193, Phase 1: 0.9190)
  Hard floor (Δ ≥ -0.005): PASS

Per-stat KS deltas (selected — Phase 1 - Phase 0):
  QB pass_yards: Δ +0.0752  (Phase 0: 0.3534, Phase 1: 0.4287)
  WR receiving_yards: Δ -0.0072  (Phase 0: 0.2645, Phase 1: 0.2573)
  RB rush_yards: Δ -0.0075  (Phase 0: 0.2539, Phase 1: 0.2464)
  TE receiving_yards: Δ -0.0156  (Phase 0: 0.3157, Phase 1: 0.3001)
  WR receptions: Δ +0.0045  (Phase 0: 0.2758, Phase 1: 0.2803)
  TE receptions: Δ -0.0008  (Phase 0: 0.3529, Phase 1: 0.3521)
  QB rush_yards: Δ +0.0045  (Phase 0: 0.2238, Phase 1: 0.2283)
  RB receiving_yards: Δ -0.0053  (Phase 0: 0.4228, Phase 1: 0.4175)

Per-stat MEAN BIAS deltas (Phase 1 - Phase 0):
  QB pass_yards bias (yd/g): Phase 0=-28.30, Phase 1=-39.29, Δ=-10.99
  WR receiving_yards bias (yd/g): Phase 0=-9.11, Phase 1=-10.36, Δ=-1.25
  RB rush_yards bias (yd/g): Phase 0=-0.97, Phase 1=-1.78, Δ=-0.81
  TE receiving_yards bias (yd/g): Phase 0=-3.97, Phase 1=-5.12, Δ=-1.15
  WR receptions bias (yd/g): Phase 0=-0.41, Phase 1=-0.40, Δ=+0.01
  TE receptions bias (yd/g): Phase 0=-0.22, Phase 1=-0.21, Δ=+0.01
  QB rush_yards bias (yd/g): Phase 0=-2.02, Phase 1=-1.86, Δ=+0.16
  RB receiving_yards bias (yd/g): Phase 0=-1.10, Phase 1=-2.13, Δ=-1.03

Phase-1 success criterion 1 (QB pass_yards mean bias |Δ vs actual| ≤ 10 yd/g):
  Phase-1 Arm B QB pass_yards bias = -39.29 yd/g
  Criterion 1: NO (FAIL — bias exceeds ±10 yd/g)

Phase-1 success criterion 2 (QB pass_yards KS ≤ 0.28):
  Phase-1 Arm B QB pass_yards KS = 0.4287
  Criterion 2: NO (FAIL — KS exceeds 0.28)

Phase-1 success criterion 3 (RB rush_yards KS ≤ 0.23):
  Phase-1 Arm B RB rush_yards KS = 0.2464
  Criterion 3: NO (FAIL — KS exceeds 0.23)

Phase-1 success criterion 4 (hard floor: rank_corr Δ ≥ -0.005 AND MAE Δ ≤ +0.05):
  rank_corr Δ = -0.0004
  weekly_mae Δ = +0.0142
  Criterion 4: YES (PASS)

---
Source: per-position-stat mean bias values above were read from
ledger field stat_mean_bias[<position>][<stat>]["arm_b_bias"]
(SeasonMetrics, schema v5, populated by Plan 00 Task 9).
The "Per-stat MEAN BIAS deltas" block proves the script successfully
read the stat_mean_bias field from both phase0.baseline.full and
p1.aggregate.full; if the field had been empty/missing, the block
would have printed nothing.
