skip 
/Users/chrisesposito/.fantasy-sim/market-history/raw/props/2024/prior_alt6/612c2
c3f6ca9e10d4b7ead21a2b0ff38.json
skip 
/Users/chrisesposito/.fantasy-sim/market-history/raw/props/2024/prior_alt6/eca3b
71919531e7ae0b4f3f501157e6c.json
skip 
/Users/chrisesposito/.fantasy-sim/market-history/raw/props/2024/prior_alt6/022ad
d645ca37d612dbb69e8ef02f6b9.json
skip 
/Users/chrisesposito/.fantasy-sim/market-history/raw/props/2024/prior_alt6/5f14e
bd3a8f10d141a7f0c2dcf510368.json
skip 
/Users/chrisesposito/.fantasy-sim/market-history/raw/props/2024/prior_alt6/60fdc
65ee27ab7dbe07dc06ef35afadc.json
saved season=2024 week=1 event=7a5e353202d40a844491fa5753bc3097 
snapshot=prior_alt6 bookmakers=2 cost=40 remaining=4863188
saved season=2024 week=1 event=8c0e75b0a4ea07212e741acf25ad96b6 
snapshot=prior_alt6 bookmakers=2 cost=40 remaining=4863148
saved season=2024 week=1 event=92665529cce6b8089e793d1e7d5e4b66 
snapshot=prior_alt6 bookmakers=2 cost=40 remaining=4863108
saved season=2024 week=1 event=b5b9d07cdd5c7bd14e943ccd7973e6a2 
snapshot=prior_alt6 bookmakers=2 cost=40 remaining=4863068
saved season=2024 week=1 event=c483f5c8e0ee5f1f5abdd75870eeeffc 
snapshot=prior_alt6 bookmakers=2 cost=40 remaining=4863028
saved season=2024 week=1 event=a2f9dcdf49ccacf33036a0b795413a6e 
snapshot=prior_alt6 bookmakers=2 cost=40 remaining=4862988
saved season=2024 week=1 event=afb7e137dbb2a3de38d2d3cb68897e3b 
snapshot=prior_alt6 bookmakers=2 cost=40 remaining=4862948
saved season=2024 week=1 event=a1682ca5d9e0c4b14d19ed69d6299806 
snapshot=prior_alt6 bookmakers=2 cost=40 remaining=4862908
saved season=2024 week=1 event=ba439e5505ce1ee745d2e48f2d2f31e6 
snapshot=prior_alt6 bookmakers=2 cost=40 remaining=4862868
saved season=2024 week=1 event=fa20351fa9ca26c47f93abc8a9b2c941 
snapshot=prior_alt6 bookmakers=2 cost=40 remaining=4862828
saved season=2024 week=1 event=d94f808523ced7460f7c88c758c481f5 
snapshot=prior_alt6 bookmakers=2 cost=40 remaining=4862788
saved season=2024 week=2 event=ddd9b67cf1d68282e1e8652000c0d015 
snapshot=prior_alt6 bookmakers=2 cost=40 remaining=4862748
saved season=2024 week=2 event=111ac41e21c6f16a2d3d1511f07e2004 
snapshot=prior_alt6 bookmakers=2 cost=40 remaining=4862708
saved season=2024 week=2 event=17d4d840f9f4094d76c6e9b53b18ac05 
snapshot=prior_alt6 bookmakers=2 cost=40 remaining=4862668
saved season=2024 week=2 event=42d27889b51ada96c20671b30129ce4e 
snapshot=prior_alt6 bookmakers=2 cost=40 remaining=4862628
saved season=2024 week=2 event=495d9f2c316b05ef092099ef9401a180 
snapshot=prior_alt6 bookmakers=2 cost=40 remaining=4862588
saved season=2024 week=2 event=5a2bfc721fb2300d4578743aee7ad891 
snapshot=prior_alt6 bookmakers=2 cost=40 remaining=4862548
saved season=2024 week=2 event=5b05775b536cda3f2efab93935af4f54 
snapshot=prior_alt6 bookmakers=2 cost=40 remaining=4862508
saved season=2024 week=2 event=787ae4144b2b45d7ef8a9c7b1ab6abd8 
snapshot=prior_alt6 bookmakers=2 cost=40 remaining=4862468
saved season=2024 week=2 event=9d5dace601f10c135f5c03facf23fd22 
snapshot=prior_alt6 bookmakers=2 cost=40 remaining=4862428
saved season=2024 week=2 event=b4769cda12183128858f49f475aabfce 
snapshot=prior_alt6 bookmakers=2 cost=40 remaining=4862388
saved season=2024 week=2 event=c4e5642a8746f3e8fbb09d59a611ffe4 
snapshot=prior_alt6 bookmakers=2 cost=40 remaining=4862348
saved season=2024 week=2 event=db997fc1b5fe71f4960012f81c21a017 
snapshot=prior_alt6 bookmakers=2 cost=40 remaining=4862308
saved season=2024 week=2 event=3a300e2fb659ca896b5e60252f13150c 
snapshot=prior_alt6 bookmakers=2 cost=40 remaining=4862268
saved season=2024 week=2 event=faaeaab20409da65e7314cc1857ccfba 
snapshot=prior_alt6 bookmakers=2 cost=40 remaining=4862228
saved season=2024 week=2 event=7533f0f2d5cfe270fa0ccdc32a98c7fd 
snapshot=prior_alt6 bookmakers=2 cost=40 remaining=4862188
saved season=2024 week=2 event=2cefb0f9bcf18ed3f64396174ece14ad 
snapshot=prior_alt6 bookmakers=2 cost=40 remaining=4862148
saved season=2024 week=3 event=ff0f310a02a527f105b5b37dbd61c502 
snapshot=prior_alt6 bookmakers=3 cost=40 remaining=4862108
saved season=2024 week=3 event=200c20527d1d6f44257155548cdac1e8 
snapshot=prior_alt6 bookmakers=3 cost=40 remaining=4862068
saved season=2024 week=3 event=2ee776f967540a404694111f27822004 
snapshot=prior_alt6 bookmakers=3 cost=40 remaining=4862028
saved season=2024 week=3 event=326301fd41fe90d64929b44a2e227b23 
snapshot=prior_alt6 bookmakers=3 cost=40 remaining=4861988
saved season=2024 week=3 event=81cee90c26bf0ec45c3bc946b8143e19 
snapshot=prior_alt6 bookmakers=3 cost=40 remaining=4861948
saved season=2024 week=3 event=8b6897f314b84276526a4ba371d67e20 
snapshot=prior_alt6 bookmakers=3 cost=40 remaining=4861908
saved season=2024 week=3 event=e46e4c9f5d6884910657cd6581da3978 
snapshot=prior_alt6 bookmakers=3 cost=40 remaining=4861868
saved season=2024 week=3 event=fc293a1ac914f24cb110ed2b8250292d 
snapshot=prior_alt6 bookmakers=3 cost=40 remaining=4861828
saved season=2024 week=3 event=49397bc00cf6d5e50f0a943538f1b00d 
snapshot=prior_alt6 bookmakers=3 cost=40 remaining=4861788
saved season=2024 week=3 event=acc41dc7aeae8f8db0604c743213916c 
snapshot=prior_alt6 bookmakers=3 cost=40 remaining=4861748
saved season=2024 week=3 event=cd904fbb09c5130b857595217364bb07 
snapshot=prior_alt6 bookmakers=3 cost=40 remaining=4861708
saved season=2024 week=3 event=e61fbdc294fce579705fa0ed6de85ce2 
snapshot=prior_alt6 bookmakers=3 cost=40 remaining=4861668
saved season=2024 week=3 event=f89d2da2d1b692de14ddf77e186cc5c7 
snapshot=prior_alt6 bookmakers=3 cost=40 remaining=4861628
saved season=2024 week=3 event=bd907bcbaaefa56a30c4fa2c57281a51 
snapshot=prior_alt6 bookmakers=3 cost=40 remaining=4861588
saved season=2024 week=3 event=96be3ba73fc562e49a0120b5923c3213 
snapshot=prior_alt6 bookmakers=3 cost=40 remaining=4861548
saved season=2024 week=3 event=8e047915fdc9b7dc77d2276e740f55d2 
snapshot=prior_alt6 bookmakers=3 cost=40 remaining=4861508
saved season=2024 week=4 event=b08196b0745d9e2e0bebfe8627fc5a1f 
snapshot=prior_alt6 bookmakers=3 cost=40 remaining=4861468
saved season=2024 week=4 event=1f9f768db4ab5e36fad5080f8a338725 
snapshot=prior_alt6 bookmakers=3 cost=40 remaining=4861428
saved season=2024 week=4 event=3855431777952837560f29bff9d6b4e3 
snapshot=prior_alt6 bookmakers=3 cost=40 remaining=4861388
saved season=2024 week=4 event=3858ab1dfdb4db4987218c709a51d1bf 
snapshot=prior_alt6 bookmakers=3 cost=40 remaining=4861348
saved season=2024 week=4 event=6b08b0416089dbb0459c208f5c0c6d41 
snapshot=prior_alt6 bookmakers=3 cost=40 remaining=4861308
saved season=2024 week=4 event=701d98795b391636de6d0860c6782f2d 
snapshot=prior_alt6 bookmakers=3 cost=40 remaining=4861268
saved season=2024 week=4 event=82483a4f1a2ae000d00778810d85d13c 
snapshot=prior_alt6 bookmakers=3 cost=40 remaining=4861228
saved season=2024 week=4 event=a0a3ae18f5a26bdaa0e2f32aa8af7ce0 
snapshot=prior_alt6 bookmakers=3 cost=40 remaining=4861188
saved season=2024 week=4 event=e603ee3c4035a8558b9bcb6aded87ff4 
snapshot=prior_alt6 bookmakers=3 cost=40 remaining=4861148
saved season=2024 week=4 event=2536f23add2224ed79c070c55af28bbf 
snapshot=prior_alt6 bookmakers=3 cost=40 remaining=4861108
saved season=2024 week=4 event=b0461ea737b89685d0aee3050bca0cc5 
snapshot=prior_alt6 bookmakers=3 cost=40 remaining=4861068
saved season=2024 week=4 event=3f180e883b429700dd32ff2133ac37ef 
snapshot=prior_alt6 bookmakers=3 cost=40 remaining=4861028
saved season=2024 week=4 event=b839e959b4e28cdd96341dbcf99d4a42 
snapshot=prior_alt6 bookmakers=3 cost=40 remaining=4860988
saved season=2024 week=4 event=ce925c8cb892e1806399345e7885828d 
snapshot=prior_alt6 bookmakers=3 cost=40 remaining=4860948
saved season=2024 week=4 event=a207d1faa78a276de49cdebb7ef4fc0e 
snapshot=prior_alt6 bookmakers=3 cost=40 remaining=4860908
saved season=2024 week=4 event=2b7f812133cedc184625d7bc8362564a 
snapshot=prior_alt6 bookmakers=3 cost=40 remaining=4860868
saved season=2024 week=5 event=b516611a4ade7c4d55fcde561ed71328 
snapshot=prior_alt6 bookmakers=3 cost=40 remaining=4860828
saved season=2024 week=5 event=b782886bcc4874123d3bb50e5d1e88c3 
snapshot=prior_alt6 bookmakers=3 cost=40 remaining=4860788
saved season=2024 week=5 event=2eb8e0798cb1b1f9d0f0d414253b4e37 
snapshot=prior_alt6 bookmakers=3 cost=40 remaining=4860748
saved season=2024 week=5 event=43f21c8e455914cc71d00ca0001ae85b 
snapshot=prior_alt6 bookmakers=3 cost=40 remaining=4860708
saved season=2024 week=5 event=5cb3b58ed90ecfac2acac9115e08c017 
snapshot=prior_alt6 bookmakers=3 cost=40 remaining=4860668
saved season=2024 week=5 event=73da5785865b6ab0852df1aa0c47994e 
snapshot=prior_alt6 bookmakers=3 cost=40 remaining=4860628
saved season=2024 week=5 event=b727380f1b93218185ba53da28e0f6a7 
snapshot=prior_alt6 bookmakers=3 cost=40 remaining=4860588
saved season=2024 week=5 event=dba45197b1cd2dbafe7f83ebffd2be90 
snapshot=prior_alt6 bookmakers=3 cost=40 remaining=4860548
saved season=2024 week=5 event=9a9219cd7180fe6481e6bd9e460a7622 
snapshot=prior_alt6 bookmakers=3 cost=40 remaining=4860508
saved season=2024 week=5 event=a0877d6a0f0a97e5790884008b9974c9 
snapshot=prior_alt6 bookmakers=3 cost=40 remaining=4860468
saved season=2024 week=5 event=777e65cf50b4517465cea9ac9d686227 
snapshot=prior_alt6 bookmakers=3 cost=40 remaining=4860428
saved season=2024 week=5 event=f555a965152f8896b1cf418205724508 
snapshot=prior_alt6 bookmakers=3 cost=40 remaining=4860388
saved season=2024 week=5 event=504a7b09264059083346ab086141da30 
snapshot=prior_alt6 bookmakers=3 cost=40 remaining=4860348
saved season=2024 week=5 event=5e0d59f75b7f9056461e2970aca2a6cb 
snapshot=prior_alt6 bookmakers=3 cost=40 remaining=4860308
saved season=2024 week=6 event=0dac14546d6008893a8b3b6c417472a6 
snapshot=prior_alt6 bookmakers=3 cost=40 remaining=4860268
saved season=2024 week=6 event=c1bcc8bbec33008ae587584b1b3de2d0 
snapshot=prior_alt6 bookmakers=2 cost=30 remaining=4860238
saved season=2024 week=6 event=8bd202ca7bacf3396a1b774f12de0fab 
snapshot=prior_alt6 bookmakers=3 cost=40 remaining=4860198
saved season=2024 week=6 event=ba1097486d1edb57bfe2bc22f5c4573e 
snapshot=prior_alt6 bookmakers=3 cost=40 remaining=4860158
saved season=2024 week=6 event=bdc58f80a5a9b4515ee631fddc63a2c8 
snapshot=prior_alt6 bookmakers=3 cost=40 remaining=4860118
saved season=2024 week=6 event=c3b700ee54cf3cb44de965e6cfcb19f9 
snapshot=prior_alt6 bookmakers=3 cost=40 remaining=4860078
saved season=2024 week=6 event=fb08594af963cff8fae2f93b2e0f4269 
snapshot=prior_alt6 bookmakers=3 cost=40 remaining=4860038
saved season=2024 week=6 event=febb2d674e85a32c8636ff900fffb5d2 
snapshot=prior_alt6 bookmakers=3 cost=40 remaining=4859998
saved season=2024 week=6 event=76fbc0191f917329bad82f76a9a22a2e 
snapshot=prior_alt6 bookmakers=3 cost=40 remaining=4859958
saved season=2024 week=6 event=81df9672b5e68bc84e98641d5de2505b 
snapshot=prior_alt6 bookmakers=3 cost=40 remaining=4859918
saved season=2024 week=6 event=67c389265b00a40407a23054e45d8e45 
snapshot=prior_alt6 bookmakers=3 cost=40 remaining=4859878
saved season=2024 week=6 event=d4d2902446e120ea6f1afafdc0b3d55d 
snapshot=prior_alt6 bookmakers=3 cost=40 remaining=4859838
saved season=2024 week=6 event=245c50e05349966d749c7e3f05699647 
snapshot=prior_alt6 bookmakers=3 cost=40 remaining=4859798
saved season=2024 week=6 event=79b5655b7342104f50bc735a5d838b71 
snapshot=prior_alt6 bookmakers=3 cost=40 remaining=4859758
saved season=2024 week=7 event=cc1d6e0125f5444f70609ce9e0829fa9 
snapshot=prior_alt6 bookmakers=2 cost=40 remaining=4859718
saved season=2024 week=7 event=964d089b9bbbf792a705da3b3f355312 
snapshot=prior_alt6 bookmakers=3 cost=40 remaining=4859678
saved season=2024 week=7 event=15077c31238fbc767b91e73f8068f2a2 
snapshot=prior_alt6 bookmakers=3 cost=40 remaining=4859638
saved season=2024 week=7 event=3d634649562df7c3b2b22d626162a9c9 
snapshot=prior_alt6 bookmakers=3 cost=40 remaining=4859598
saved season=2024 week=7 event=4084732a953c2a15d46aca93da86fe87 
snapshot=prior_alt6 bookmakers=3 cost=40 remaining=4859558
saved season=2024 week=7 event=497242e77fc7f2e1fa4cc70a2bd37b20 
snapshot=prior_alt6 bookmakers=3 cost=40 remaining=4859518
saved season=2024 week=7 event=514ad4e46861e2aa51571079d75856b5 
snapshot=prior_alt6 bookmakers=3 cost=40 remaining=4859478
saved season=2024 week=7 event=63e9b5302666e36b47431100bcb22973 
snapshot=prior_alt6 bookmakers=3 cost=40 remaining=4859438
saved season=2024 week=7 event=a60ecb3c882d09f08b6e194e858aec42 
snapshot=prior_alt6 bookmakers=3 cost=40 remaining=4859398
saved season=2024 week=7 event=205e5260b14ecb55558ddb85f419edaf 
snapshot=prior_alt6 bookmakers=3 cost=40 remaining=4859358
saved season=2024 week=7 event=2bc06cb4fb03e96b39448675c1943487 
snapshot=prior_alt6 bookmakers=3 cost=40 remaining=4859318
saved season=2024 week=7 event=a0b429ad5863438f4550ced4f368d2e2 
snapshot=prior_alt6 bookmakers=3 cost=40 remaining=4859278
saved season=2024 week=7 event=6103604599da91e8a44ce683292242ec 
snapshot=prior_alt6 bookmakers=3 cost=40 remaining=4859238
saved season=2024 week=7 event=269f082de1c875831ceb05c8e0fa6e9e 
snapshot=prior_alt6 bookmakers=3 cost=40 remaining=4859198
saved season=2024 week=7 event=c38d6ebf21ca6194da4757c090eac3a2 
snapshot=prior_alt6 bookmakers=3 cost=40 remaining=4859158
saved season=2024 week=8 event=1f22f5d9de70779ac521b9c1de59162f 
snapshot=prior_alt6 bookmakers=3 cost=40 remaining=4859118
saved season=2024 week=8 event=2883af924ad72a75da65e3257b9284e7 
snapshot=prior_alt6 bookmakers=3 cost=40 remaining=4859078
saved season=2024 week=8 event=4708973e15052d8b7c29a53f0c4561dc 
snapshot=prior_alt6 bookmakers=3 cost=40 remaining=4859038
saved season=2024 week=8 event=4a54b04a572fde8db5f1e1478c1ef673 
snapshot=prior_alt6 bookmakers=3 cost=40 remaining=4858998
saved season=2024 week=8 event=5fd9657af1356ec2a567b07d75a8e6a3 
snapshot=prior_alt6 bookmakers=3 cost=40 remaining=4858958
saved season=2024 week=8 event=7679451910267ad5cd8620cf63870aaa 
snapshot=prior_alt6 bookmakers=3 cost=40 remaining=4858918
saved season=2024 week=8 event=9693ad2122e496b05f7efd56f0ef03d0 
snapshot=prior_alt6 bookmakers=3 cost=40 remaining=4858878
saved season=2024 week=8 event=9b5367d7e95dd05cb7517d99484bf95b 
snapshot=prior_alt6 bookmakers=3 cost=40 remaining=4858838
saved season=2024 week=8 event=e07e64de78a6095754d2a048255dadac 
snapshot=prior_alt6 bookmakers=3 cost=40 remaining=4858798
saved season=2024 week=8 event=70c540bd6e70676319e44a7dd02cbd38 
snapshot=prior_alt6 bookmakers=3 cost=40 remaining=4858758
saved season=2024 week=8 event=9a263061dd1c784a20f393971744d176 
snapshot=prior_alt6 bookmakers=3 cost=40 remaining=4858718
saved season=2024 week=8 event=bba53e1026b6121c0255771479517a2f 
snapshot=prior_alt6 bookmakers=3 cost=40 remaining=4858678
saved season=2024 week=8 event=ccc621108fb48382b825128007dc8120 
snapshot=prior_alt6 bookmakers=3 cost=40 remaining=4858638
saved season=2024 week=8 event=fb5217800ed73d9cae485efbba37ba96 
snapshot=prior_alt6 bookmakers=3 cost=40 remaining=4858598
saved season=2024 week=8 event=ef27be93158f43d94f94035d2af7096f 
snapshot=prior_alt6 bookmakers=3 cost=40 remaining=4858558
saved season=2024 week=8 event=86278ec4bbdcadd945d79df6c695c2ec 
snapshot=prior_alt6 bookmakers=3 cost=40 remaining=4858518
saved season=2024 week=9 event=edde9aeb8a9114f38b30b45c7cffbfa8 
snapshot=prior_alt6 bookmakers=3 cost=40 remaining=4858478
saved season=2024 week=9 event=11154d508a0b557087b0fa84cccf8a66 
snapshot=prior_alt6 bookmakers=4 cost=50 remaining=4858428
saved season=2024 week=9 event=31f1bb5fbbc8c3d9b8719357fa40941e 
snapshot=prior_alt6 bookmakers=3 cost=50 remaining=4858378
saved season=2024 week=9 event=3d24ae93125568c136d57ff911a4d2e4 
snapshot=prior_alt6 bookmakers=4 cost=50 remaining=4858328
saved season=2024 week=9 event=3de2d54334c462aa393418b75994fee1 
snapshot=prior_alt6 bookmakers=4 cost=50 remaining=4858278
saved season=2024 week=9 event=5791e31f6f4b95476889c4854b508faf 
snapshot=prior_alt6 bookmakers=4 cost=50 remaining=4858228
saved season=2024 week=9 event=7c2d09c53f3c271b20f53db0b21f1498 
snapshot=prior_alt6 bookmakers=4 cost=50 remaining=4858178
saved season=2024 week=9 event=db18946165af62532b19d4c509d7ba56 
snapshot=prior_alt6 bookmakers=4 cost=50 remaining=4858128
saved season=2024 week=9 event=fc022a0b74f3182e2da491dfe4276301 
snapshot=prior_alt6 bookmakers=4 cost=50 remaining=4858078
saved season=2024 week=9 event=597e7fb5542c56bda7f1a73402cd47e0 
snapshot=prior_alt6 bookmakers=4 cost=50 remaining=4858028
saved season=2024 week=9 event=ef026bf62bfb6cda42ee983680eda2d4 
snapshot=prior_alt6 bookmakers=4 cost=50 remaining=4857978
saved season=2024 week=9 event=84d2187ad0c2a42b32879d3bcbaee8dd 
snapshot=prior_alt6 bookmakers=4 cost=50 remaining=4857928
saved season=2024 week=9 event=8baadfa082af81fe72b1cfd941d96edf 
snapshot=prior_alt6 bookmakers=4 cost=50 remaining=4857878
saved season=2024 week=9 event=d555bf749139691c613e4aec350592c1 
snapshot=prior_alt6 bookmakers=4 cost=50 remaining=4857828
saved season=2024 week=9 event=8f751d18969af50ec341e0b282e5b4d6 
snapshot=prior_alt6 bookmakers=4 cost=50 remaining=4857778
saved season=2024 week=10 event=89f860b80a0c5b61375d4aa49d9ec853 
snapshot=prior_alt6 bookmakers=4 cost=50 remaining=4857728
saved season=2024 week=10 event=9016850451d9e4190ec1bd178dac4849 
snapshot=prior_alt6 bookmakers=4 cost=50 remaining=4857678
saved season=2024 week=10 event=80899c1a82df27832eff9206d9c2ab1b 
snapshot=prior_alt6 bookmakers=4 cost=50 remaining=4857628
saved season=2024 week=10 event=853cc3b59ffe65a55a55d799789bc726 
snapshot=prior_alt6 bookmakers=4 cost=50 remaining=4857578
saved season=2024 week=10 event=928f8f873c2bf276d0b2a63a8f8941b4 
snapshot=prior_alt6 bookmakers=4 cost=50 remaining=4857528
saved season=2024 week=10 event=a59741270a5f21dfb288838acf98537b 
snapshot=prior_alt6 bookmakers=4 cost=50 remaining=4857478
saved season=2024 week=10 event=a6383a73f7e6937fcdc376b50d4dc510 
snapshot=prior_alt6 bookmakers=4 cost=50 remaining=4857428
saved season=2024 week=10 event=c885c70be6b073f94096eb0db2a27c3c 
snapshot=prior_alt6 bookmakers=4 cost=50 remaining=4857378
saved season=2024 week=10 event=d4901034c9f4ee931bc6971a4b089209 
snapshot=prior_alt6 bookmakers=4 cost=50 remaining=4857328
saved season=2024 week=10 event=6214d50d3a5b442078f670ff8e08945e 
snapshot=prior_alt6 bookmakers=3 cost=50 remaining=4857278
saved season=2024 week=10 event=1c2195dfc898e85136f4d40b4ac512fb 
snapshot=prior_alt6 bookmakers=4 cost=50 remaining=4857228
saved season=2024 week=10 event=776c336fae7523f356cb0cd4a32ba356 
snapshot=prior_alt6 bookmakers=4 cost=50 remaining=4857178
saved season=2024 week=10 event=e27b5c11ba461a77a8e7773b2ea30238 
snapshot=prior_alt6 bookmakers=4 cost=50 remaining=4857128
saved season=2024 week=10 event=d6eab9011bd146fdbb2639f6e8c07056 
snapshot=prior_alt6 bookmakers=4 cost=50 remaining=4857078
saved season=2024 week=11 event=ac99fa94b66a64304ae19873d0a7907a 
snapshot=prior_alt6 bookmakers=4 cost=50 remaining=4857028
saved season=2024 week=11 event=1e5feffbcc2b9c122727b45963203298 
snapshot=prior_alt6 bookmakers=5 cost=50 remaining=4856978
saved season=2024 week=11 event=6aa05bdde84274ea82472f0bc79baaad 
snapshot=prior_alt6 bookmakers=5 cost=50 remaining=4856928
saved season=2024 week=11 event=73f1d28c0bfe32a1ff292b688bb85df3 
snapshot=prior_alt6 bookmakers=5 cost=50 remaining=4856878
saved season=2024 week=11 event=7614724acc0987e643d0a60e73167b2e 
snapshot=prior_alt6 bookmakers=5 cost=50 remaining=4856828
saved season=2024 week=11 event=7c742858a76089990395c3179731744b 
snapshot=prior_alt6 bookmakers=5 cost=50 remaining=4856778
saved season=2024 week=11 event=ca63340028583e516e8053ee36318425 
snapshot=prior_alt6 bookmakers=5 cost=50 remaining=4856728
saved season=2024 week=11 event=d0f73537e153be7455c87ae97864ef7d 
snapshot=prior_alt6 bookmakers=5 cost=50 remaining=4856678
saved season=2024 week=11 event=e552bfd99b12a0acd319b922f7a9fa7c 
snapshot=prior_alt6 bookmakers=5 cost=50 remaining=4856628
saved season=2024 week=11 event=4baedb2bf9b85f9b9ec40e88bacc1792 
snapshot=prior_alt6 bookmakers=5 cost=50 remaining=4856578
saved season=2024 week=11 event=cc4a0f06f87d64f4a02816ca7da514fa 
snapshot=prior_alt6 bookmakers=5 cost=50 remaining=4856528
saved season=2024 week=11 event=2ac4732d168fd3fd0958719e2b11aad1 
snapshot=prior_alt6 bookmakers=5 cost=50 remaining=4856478
saved season=2024 week=11 event=a2b3fd60eede2230285512b8c3b4eed3 
snapshot=prior_alt6 bookmakers=5 cost=50 remaining=4856428
saved season=2024 week=11 event=81c2170ca58c6a837e5c0f1528e8513c 
snapshot=prior_alt6 bookmakers=5 cost=50 remaining=4856378
saved season=2024 week=12 event=3544bdfabe61cc6d4389984a5ca83955 
snapshot=prior_alt6 bookmakers=5 cost=50 remaining=4856328
saved season=2024 week=12 event=28c6ab7cb99a26666b9c7d649bbd46f3 
snapshot=prior_alt6 bookmakers=5 cost=50 remaining=4856278
saved season=2024 week=12 event=2c895731f7e3bd3effe4e87779fbdcc2 
snapshot=prior_alt6 bookmakers=5 cost=50 remaining=4856228
saved season=2024 week=12 event=2f2541411e68f807dc47d527f5dd4cba 
snapshot=prior_alt6 bookmakers=5 cost=50 remaining=4856178
saved season=2024 week=12 event=366a8618003ac848eac5144aebbeace4 
snapshot=prior_alt6 bookmakers=5 cost=50 remaining=4856128
saved season=2024 week=12 event=3c833a498591fa8934c84aa7f3215b7f 
snapshot=prior_alt6 bookmakers=5 cost=50 remaining=4856078
saved season=2024 week=12 event=56f4bfb8e21ec6003f31a080be045fc3 
snapshot=prior_alt6 bookmakers=5 cost=50 remaining=4856028
saved season=2024 week=12 event=bc6d508d57f822879df4dbc3c4465226 
snapshot=prior_alt6 bookmakers=5 cost=50 remaining=4855978
saved season=2024 week=12 event=19d5cf9ece71b4671440a3b9e03942c4 
snapshot=prior_alt6 bookmakers=5 cost=50 remaining=4855928
saved season=2024 week=12 event=b26e961510947a770532c902ceb27e75 
snapshot=prior_alt6 bookmakers=5 cost=50 remaining=4855878
saved season=2024 week=12 event=d9a2e1ead2367a3b0f46d247ed5b2906 
snapshot=prior_alt6 bookmakers=5 cost=50 remaining=4855828
saved season=2024 week=12 event=40c0ee76eb698fbd5d42139045c27c3e 
snapshot=prior_alt6 bookmakers=5 cost=50 remaining=4855778
saved season=2024 week=12 event=887b10368f0b3f33a8c47e955736da89 
snapshot=prior_alt6 bookmakers=5 cost=50 remaining=4855728
saved season=2024 week=13 event=818a0f592da4fc2dea2a8caa3170bd6f 
snapshot=prior_alt6 bookmakers=5 cost=50 remaining=4855678
saved season=2024 week=13 event=1c53fc0f9537ba80e2c121bb58979a24 
snapshot=prior_alt6 bookmakers=5 cost=50 remaining=4855628
saved season=2024 week=13 event=e6b414e1b7a012e57d1a0746769f28a2 
snapshot=prior_alt6 bookmakers=5 cost=50 remaining=4855578
saved season=2024 week=13 event=d703217fef577dba3f2d0c38881dd7d3 
snapshot=prior_alt6 bookmakers=4 cost=50 remaining=4855528
saved season=2024 week=13 event=041764a17c3ecb1fccd45fc75b7a2b49 
snapshot=prior_alt6 bookmakers=6 cost=50 remaining=4855478
saved season=2024 week=13 event=0693d63a0af985e361e21fa59fdd8bed 
snapshot=prior_alt6 bookmakers=6 cost=50 remaining=4855428
saved season=2024 week=13 event=2be5371e838993958fd7eb2eda6fc412 
snapshot=prior_alt6 bookmakers=6 cost=50 remaining=4855378
saved season=2024 week=13 event=45b543405582d30cef04650884f45c6d 
snapshot=prior_alt6 bookmakers=6 cost=50 remaining=4855328
saved season=2024 week=13 event=63057e9eb2da9cc89ac93911769b9a3e 
snapshot=prior_alt6 bookmakers=6 cost=50 remaining=4855278
saved season=2024 week=13 event=8b7a76ee61f07cddbb60fc1e079bfeed 
snapshot=prior_alt6 bookmakers=6 cost=50 remaining=4855228
saved season=2024 week=13 event=cea1abe8ef88e4105f4cd505b45cd781 
snapshot=prior_alt6 bookmakers=6 cost=50 remaining=4855178
saved season=2024 week=13 event=59ffd762ad2b5d96196f4f58037ab670 
snapshot=prior_alt6 bookmakers=6 cost=50 remaining=4855128
saved season=2024 week=13 event=9dcbd3e2d022d7ed1ef1e0e7f8b08f2b 
snapshot=prior_alt6 bookmakers=6 cost=50 remaining=4855078
saved season=2024 week=13 event=afa7eb720baa94269de839965e41b8b3 
snapshot=prior_alt6 bookmakers=6 cost=50 remaining=4855028
saved season=2024 week=13 event=31557235498f42eeba725001c12c97ff 
snapshot=prior_alt6 bookmakers=6 cost=50 remaining=4854978
saved season=2024 week=13 event=e73de417d2fd01292ed12cea2a906903 
snapshot=prior_alt6 bookmakers=6 cost=50 remaining=4854928
saved season=2024 week=14 event=e0b1a11b515324fa603bb16ff278dcbf 
snapshot=prior_alt6 bookmakers=6 cost=50 remaining=4854878
saved season=2024 week=14 event=20f2d85ab93463d3c7dbe2573da7f892 
snapshot=prior_alt6 bookmakers=6 cost=50 remaining=4854828
saved season=2024 week=14 event=48859a2a659fe2dd71db168127a01b13 
snapshot=prior_alt6 bookmakers=6 cost=50 remaining=4854778
saved season=2024 week=14 event=757ca79be58cadb6fece7718e6e260a2 
snapshot=prior_alt6 bookmakers=6 cost=50 remaining=4854728
saved season=2024 week=14 event=7ae6be20a581839e77dd6b3f4eab564b 
snapshot=prior_alt6 bookmakers=6 cost=50 remaining=4854678
saved season=2024 week=14 event=7d1198f17462901352e686d8d9515232 
snapshot=prior_alt6 bookmakers=6 cost=50 remaining=4854628
saved season=2024 week=14 event=b8419de1f0e84d8b18da62151ab69596 
snapshot=prior_alt6 bookmakers=6 cost=50 remaining=4854578
saved season=2024 week=14 event=c14dd2e8bf469a6736f73be3c28706e8 
snapshot=prior_alt6 bookmakers=6 cost=50 remaining=4854528
saved season=2024 week=14 event=8c7efb50e0c8c9be94e7b969c58da045 
snapshot=prior_alt6 bookmakers=6 cost=50 remaining=4854478
saved season=2024 week=14 event=5188cb03fd7577d7448874486c26dccb 
snapshot=prior_alt6 bookmakers=5 cost=50 remaining=4854428
saved season=2024 week=14 event=57e91ca052d9484f67f83308f3fb7f65 
snapshot=prior_alt6 bookmakers=6 cost=50 remaining=4854378
saved season=2024 week=14 event=c70e1ecbef22c98419d4707199d050af 
snapshot=prior_alt6 bookmakers=6 cost=50 remaining=4854328
saved season=2024 week=14 event=2fd335893dbb8ab9c0e1aea6c98a969c 
snapshot=prior_alt6 bookmakers=6 cost=50 remaining=4854278
saved season=2024 week=15 event=b89ffb3a984d693fd6e69cdc3f2d585a 
snapshot=prior_alt6 bookmakers=6 cost=50 remaining=4854228
saved season=2024 week=15 event=3b7db9e7d8af9f357fa301fb43f2e6af 
snapshot=prior_alt6 bookmakers=6 cost=50 remaining=4854178
saved season=2024 week=15 event=5b0eca40563ea0d05181677441c3c0bc 
snapshot=prior_alt6 bookmakers=6 cost=50 remaining=4854128
saved season=2024 week=15 event=5e028b3e2019613c56d3431d4e04e46d 
snapshot=prior_alt6 bookmakers=5 cost=50 remaining=4854078
saved season=2024 week=15 event=79eb6a96467e443fcd884f1aab38fb40 
snapshot=prior_alt6 bookmakers=6 cost=50 remaining=4854028
saved season=2024 week=15 event=7b58ba499776572737bf4335349ee5ca 
snapshot=prior_alt6 bookmakers=6 cost=50 remaining=4853978
saved season=2024 week=15 event=9db2aef33225a4bda04bbc7c33e50e63 
snapshot=prior_alt6 bookmakers=6 cost=50 remaining=4853928
saved season=2024 week=15 event=f6d5d91ea4480042265698647a6120f6 
snapshot=prior_alt6 bookmakers=6 cost=50 remaining=4853878
saved season=2024 week=15 event=531a7692ed7474109ad7d6e331751234 
snapshot=prior_alt6 bookmakers=6 cost=50 remaining=4853828
saved season=2024 week=15 event=9cec3324e93aa4ece67f4ed4447bc212 
snapshot=prior_alt6 bookmakers=6 cost=50 remaining=4853778
saved season=2024 week=15 event=c562ac548944fe897e62f4a142de4d54 
snapshot=prior_alt6 bookmakers=5 cost=50 remaining=4853728
saved season=2024 week=15 event=f3d85c6f4152c6f9c28df5332d7d01ae 
snapshot=prior_alt6 bookmakers=6 cost=50 remaining=4853678
saved season=2024 week=15 event=f3f5d87420f5bc34d3affc8f44a1c934 
snapshot=prior_alt6 bookmakers=5 cost=50 remaining=4853628
saved season=2024 week=15 event=d6e49bbdc498fb1113b86f472f93d8af 
snapshot=prior_alt6 bookmakers=6 cost=50 remaining=4853578
saved season=2024 week=15 event=307cc09543c511d894a76fef99e429bb 
snapshot=prior_alt6 bookmakers=5 cost=50 remaining=4853528
saved season=2024 week=15 event=b72078945287a94944a0ffefcd09c42c 
snapshot=prior_alt6 bookmakers=5 cost=50 remaining=4853478
saved season=2024 week=16 event=a9bf9c4e9be5107617933461faf7f382 
snapshot=prior_alt6 bookmakers=6 cost=50 remaining=4853428
saved season=2024 week=16 event=5000078dc935bf60015a51c01eaee016 
snapshot=prior_alt6 bookmakers=6 cost=50 remaining=4853378
saved season=2024 week=16 event=77184e40f6e14084fd2c378c157640b8 
snapshot=prior_alt6 bookmakers=6 cost=50 remaining=4853328
saved season=2024 week=16 event=134659e6aca5f32ceb1392398557953b 
snapshot=prior_alt6 bookmakers=6 cost=50 remaining=4853278
saved season=2024 week=16 event=d9ace22fff68cd1916da62a70491e424 
snapshot=prior_alt6 bookmakers=6 cost=50 remaining=4853228
saved season=2024 week=16 event=36091a3b07686b0c7c912d4d4a244474 
snapshot=prior_alt6 bookmakers=6 cost=50 remaining=4853178
saved season=2024 week=16 event=534fd9bc355dbfa4d35156e6d59e3913 
snapshot=prior_alt6 bookmakers=6 cost=50 remaining=4853128
saved season=2024 week=16 event=7f9202e3018e484a3f30bc99422776fa 
snapshot=prior_alt6 bookmakers=6 cost=50 remaining=4853078
saved season=2024 week=16 event=9c6ae1f00e07b696e2dd19a0efb7be8f 
snapshot=prior_alt6 bookmakers=6 cost=50 remaining=4853028
saved season=2024 week=16 event=f03bb31e9ff7b81ad1e18e36b7cdddb7 
snapshot=prior_alt6 bookmakers=6 cost=50 remaining=4852978
saved season=2024 week=16 event=87ed34522672eabe6cb5b85c34c4e8ce 
snapshot=prior_alt6 bookmakers=6 cost=50 remaining=4852928
saved season=2024 week=16 event=987be0b1af962f068e2928a9067998c9 
snapshot=prior_alt6 bookmakers=6 cost=50 remaining=4852878
saved season=2024 week=16 event=b0e2f4e7023b4f29ca1e1e64f93726f2 
snapshot=prior_alt6 bookmakers=6 cost=50 remaining=4852828
saved season=2024 week=16 event=d93e285150cc30bb71e930879219d26e 
snapshot=prior_alt6 bookmakers=6 cost=50 remaining=4852778
saved season=2024 week=16 event=beea49da0ca78cc5636fa84188603fa0 
snapshot=prior_alt6 bookmakers=6 cost=50 remaining=4852728
saved season=2024 week=16 event=14c12ef82be07b0dc984dd20d477bb8f 
snapshot=prior_alt6 bookmakers=6 cost=50 remaining=4852678
saved season=2024 week=17 event=ce94e5673c8b7a0834f1948f1c5f52c7 
snapshot=prior_alt6 bookmakers=6 cost=50 remaining=4852628
saved season=2024 week=17 event=adf41cffa9d818a982d19273df911106 
snapshot=prior_alt6 bookmakers=6 cost=50 remaining=4852578
saved season=2024 week=17 event=1cc92f3601760bad475efd70d52ca482 
snapshot=prior_alt6 bookmakers=6 cost=50 remaining=4852528
saved season=2024 week=17 event=1bccaf2a9388f9d02f8f0c23cbc6b121 
snapshot=prior_alt6 bookmakers=6 cost=50 remaining=4852478
saved season=2024 week=17 event=aa15f18a1c3124af14045b32185ff166 
snapshot=prior_alt6 bookmakers=6 cost=50 remaining=4852428
saved season=2024 week=17 event=8297b863d5f355bd3127adf93cf196a7 
snapshot=prior_alt6 bookmakers=6 cost=50 remaining=4852378
saved season=2024 week=17 event=398f58cef1cbb3c99805b52375104238 
snapshot=prior_alt6 bookmakers=6 cost=50 remaining=4852328
saved season=2024 week=17 event=cb4060acc9d027ca0069619ef9983415 
snapshot=prior_alt6 bookmakers=5 cost=50 remaining=4852278
saved season=2024 week=17 event=d91d050a1528e77a870d681bbe42f514 
snapshot=prior_alt6 bookmakers=6 cost=50 remaining=4852228
saved season=2024 week=17 event=0ce683697325d7715a78889240d82cc7 
snapshot=prior_alt6 bookmakers=6 cost=50 remaining=4852178
saved season=2024 week=17 event=68e8e424d470fb6d60f1b2f0a3f3d1e3 
snapshot=prior_alt6 bookmakers=6 cost=50 remaining=4852128
saved season=2024 week=17 event=eb5a71180b3558fdc20a896e98c00385 
snapshot=prior_alt6 bookmakers=6 cost=50 remaining=4852078
saved season=2024 week=17 event=7c63b1e23a0c65ee07312131e1b7be7e 
snapshot=prior_alt6 bookmakers=5 cost=50 remaining=4852028
saved season=2024 week=17 event=c6aa971def88c7d2127d05ace3a8e643 
snapshot=prior_alt6 bookmakers=6 cost=50 remaining=4851978
saved season=2024 week=17 event=5f99b5d40cf65d48be81c3812cd1e95e 
snapshot=prior_alt6 bookmakers=6 cost=50 remaining=4851928
saved season=2024 week=17 event=987f7eb725e6a3937511b6c60dee5f18 
snapshot=prior_alt6 bookmakers=6 cost=50 remaining=4851878
saved season=2024 week=18 event=15a56f0e44d8fdb660a6a0aed2449e4b 
snapshot=prior_alt6 bookmakers=6 cost=40 remaining=4851838
saved season=2024 week=18 event=68aa07e4336438b1f2f5a4dfb82fe9cc 
snapshot=prior_alt6 bookmakers=6 cost=50 remaining=4851788
saved season=2024 week=18 event=4da44c8ba4e595d3fe313cbeb1fe797b 
snapshot=prior_alt6 bookmakers=4 cost=50 remaining=4851738
saved season=2024 week=18 event=60b1da9a88c680190bfbf3ac935bff82 
snapshot=prior_alt6 bookmakers=5 cost=50 remaining=4851688
saved season=2024 week=18 event=983cd3ee325119e16969d4797a6d94f2 
snapshot=prior_alt6 bookmakers=4 cost=50 remaining=4851638
saved season=2024 week=18 event=a578e4a27a55666b1043c20dbb3d74cd 
snapshot=prior_alt6 bookmakers=0 cost=0 remaining=4851638
saved season=2024 week=18 event=b1d966863dd3f4c8fc78180f63a20a2f 
snapshot=prior_alt6 bookmakers=2 cost=30 remaining=4851608
saved season=2024 week=18 event=d2e5d211cba187e5865c9783f3db5288 
snapshot=prior_alt6 bookmakers=6 cost=50 remaining=4851558
saved season=2024 week=18 event=e1ba96b7e56eba655eafcf8249b1d3df 
snapshot=prior_alt6 bookmakers=6 cost=50 remaining=4851508
saved season=2024 week=18 event=ec3a43f544c27aba390eea6b4f1bb55a 
snapshot=prior_alt6 bookmakers=5 cost=40 remaining=4851468
saved season=2024 week=18 event=2cf5abcfe39f3ac0d82ffb5a90b49e93 
snapshot=prior_alt6 bookmakers=4 cost=50 remaining=4851418
saved season=2024 week=18 event=6b14461632df941a9ea60ff83ddca897 
snapshot=prior_alt6 bookmakers=4 cost=50 remaining=4851368
saved season=2024 week=18 event=704a4d59f3dd729fbf089bbe0b6ae27d 
snapshot=prior_alt6 bookmakers=6 cost=50 remaining=4851318
saved season=2024 week=18 event=d0a37e977bf675c070587b2e13a37e17 
snapshot=prior_alt6 bookmakers=5 cost=50 remaining=4851268
saved season=2024 week=18 event=ebda13c375e6e6bb69822f91bce86756 
snapshot=prior_alt6 bookmakers=4 cost=40 remaining=4851228
saved season=2024 week=18 event=09d8388d4ccba7ddafec2e400b5c013f 
snapshot=prior_alt6 bookmakers=6 cost=50 remaining=4851178
